[ModelDataStructure]
0=blkStateChange
27=derivCacheNeedsReset
71=odeF
72=odeY
135=zCCacheNeedsReset
[Parameter]
0=compilation_1_sm_computation/OpCCode_do_not_touch/S-Function1|Value|0|Scalar|0|1|1|0.0|Constant|
1=compilation_1_sm_computation/OpCCode_do_not_touch/S-Function|X0|0|Scalar|0|1|1|0.0|Memory|
2=compilation_1_sm_computation/sm_computation/OpComm/Receive/S-Function|P1Size| |RVector|0|1|2|1.0|1.0|S-Function RECV_Param|
3=compilation_1_sm_computation/sm_computation/OpComm/Receive/S-Function|P1|Data_width|Scalar|0|1|1|1.0|S-Function RECV_Param|
4=compilation_1_sm_computation/sm_computation/OpComm/Receive/S-Function|P2Size| |RVector|0|1|2|1.0|1.0|S-Function RECV_Param|
5=compilation_1_sm_computation/sm_computation/OpComm/Receive/S-Function|P2|InitialConditions|Scalar|0|1|1|93.5|S-Function RECV_Param|
6=compilation_1_sm_computation/sm_computation/Integrator3|InitialCondition|0|Scalar|0|1|1|0.0|Integrator|
7=compilation_1_sm_computation/sm_computation/Integrator3|UpperSaturationLimit|200|Scalar|0|1|1|200.0|Integrator|
8=compilation_1_sm_computation/sm_computation/Integrator3|LowerSaturationLimit|0|Scalar|0|1|1|0.0|Integrator|
9=compilation_1_sm_computation/sm_computation/Sensor response time|DelayTime|0.005|Scalar|0|1|1|0.005|TransportDelay|
10=compilation_1_sm_computation/sm_computation/Sensor response time|InitialOutput|0|Scalar|0|1|1|0.0|TransportDelay|
11=compilation_1_sm_computation/sm_computation/Gain Kp|Gain|20|Scalar|0|1|1|20.0|Gain|
12=compilation_1_sm_computation/sm_computation/Integrator1|InitialCondition|0|Scalar|0|1|1|0.0|Integrator|
13=compilation_1_sm_computation/sm_computation/Gain Ki|Gain|5|Scalar|0|1|1|5.0|Gain|
14=compilation_1_sm_computation/sm_computation/Gain1|Gain|-1|Scalar|0|1|1|-1.0|Gain|
15=compilation_1_sm_computation/sm_computation/Gain Kd|Gain|5|Scalar|0|1|1|5.0|Gain|
16=compilation_1_sm_computation/sm_computation/rtlab_send_subsystem/Subsystem1/Send1/S-Function|P1Size| |RVector|0|1|2|1.0|1.0|S-Function OP_SEND|
17=compilation_1_sm_computation/sm_computation/rtlab_send_subsystem/Subsystem1/Send1/S-Function|P1|Acqu_group|Scalar|0|1|1|1.0|S-Function OP_SEND|
18=compilation_1_sm_computation/sm_computation/Actuator response time|DelayTime|0.005|Scalar|0|1|1|0.005|TransportDelay|
19=compilation_1_sm_computation/sm_computation/Actuator response time|InitialOutput|0|Scalar|0|1|1|0.0|TransportDelay|
20=compilation_1_sm_computation/sm_computation/Gain|Gain|1|Scalar|0|1|1|1.0|Gain|
21=compilation_1_sm_computation/sm_computation/Integrator2|InitialCondition|0|Scalar|0|1|1|0.0|Integrator|
nbParameters=22
[Signal]
0=compilation_1_sm_computation/OpCCode_do_not_touch/Sum|NULL|0|1|1|1|S|Sum|0|
1=compilation_1_sm_computation/sm_computation/OpComm/Receive/S-Function|NULL|1|1|1|1|S|S-Function RECV_Param|0|
2=compilation_1_sm_computation/sm_computation/Integrator3|d|2|1|1|1|S|Integrator|0|
3=compilation_1_sm_computation/sm_computation/Sum3|Error|3|1|1|1|S|Sum|0|
4=compilation_1_sm_computation/sm_computation/Gain1|NULL|4|1|1|1|S|Gain|0|
5=compilation_1_sm_computation/sm_computation/Sum1|c|5|1|1|1|S|Sum|0|
6=compilation_1_sm_computation/sm_computation/Clock|e|6|1|1|1|S|Clock|0|
7=compilation_1_sm_computation/sm_computation/Gain|NULL|7|1|1|1|S|Gain|0|
8=compilation_1_sm_computation/sm_computation/Integrator2|plant response|8|1|1|1|S|Integrator|0|
nbSignals=9
[TimingStructure]
4=clockTick0
5=clockTick1
6=clockTickH0
7=clockTickH1
32=tFinal
74=offsetTimesArray
80=perTaskSampleHitsArray
96=sampleHitArray
100=sampleTimesArray
103=sampleTimeTaskIDArray
106=simTimeStep
108=tStart
109=stepSize
110=stepSize0
111=stepSize1
113=stopRequestedFlag
123=tArray
137=timeOfLastOutput
[dwork]
0=SFunction_PreviousInput|real_T|
1=Sensorresponsetime_RWORK|RWORK|
2=Derivative1_RWORK|RWORK|
3=Actuatorresponsetime_RWORK|RWORK|
6=Sensorresponsetime_IWORK|IWORK|
7=SFunction_IWORK|IWORK|
8=Actuatorresponsetime_IWORK|IWORK|
